Archive member included because of file (symbol)

c:/chibistudio/tools/gnu tools arm embedded/4.7 2013q1/bin/../lib/gcc/arm-none-eabi/4.7.3/../../../../arm-none-eabi/lib/armv7e-m\libc.a(lib_a-memcpy.o)
                              build/obj/sdc_lld.o (memcpy)
c:/chibistudio/tools/gnu tools arm embedded/4.7 2013q1/bin/../lib/gcc/arm-none-eabi/4.7.3/../../../../arm-none-eabi/lib/armv7e-m\libc.a(lib_a-memset.o)
                              build/obj/syscalls.o (memset)
c:/chibistudio/tools/gnu tools arm embedded/4.7 2013q1/bin/../lib/gcc/arm-none-eabi/4.7.3/../../../../arm-none-eabi/lib/armv7e-m\libc.a(lib_a-strlen.o)
                              build/obj/ihex.o (strlen)
c:/chibistudio/tools/gnu tools arm embedded/4.7 2013q1/bin/../lib/gcc/arm-none-eabi/4.7.3/../../../../arm-none-eabi/lib/armv7e-m\libc.a(lib_a-strncpy.o)
                              build/obj/ihex.o (strncpy)
c:/chibistudio/tools/gnu tools arm embedded/4.7 2013q1/bin/../lib/gcc/arm-none-eabi/4.7.3/../../../../arm-none-eabi/lib/armv7e-m\libc.a(lib_a-strtol.o)
                              build/obj/ihex.o (strtol)
c:/chibistudio/tools/gnu tools arm embedded/4.7 2013q1/bin/../lib/gcc/arm-none-eabi/4.7.3/../../../../arm-none-eabi/lib/armv7e-m\libc.a(lib_a-ctype_.o)
                              c:/chibistudio/tools/gnu tools arm embedded/4.7 2013q1/bin/../lib/gcc/arm-none-eabi/4.7.3/../../../../arm-none-eabi/lib/armv7e-m\libc.a(lib_a-strtol.o) (__ctype_ptr__)
c:/chibistudio/tools/gnu tools arm embedded/4.7 2013q1/bin/../lib/gcc/arm-none-eabi/4.7.3/../../../../arm-none-eabi/lib/armv7e-m\libc.a(lib_a-impure.o)
                              c:/chibistudio/tools/gnu tools arm embedded/4.7 2013q1/bin/../lib/gcc/arm-none-eabi/4.7.3/../../../../arm-none-eabi/lib/armv7e-m\libc.a(lib_a-strtol.o) (_impure_ptr)

Discarded input sections

 .text          0x00000000        0x0 build/obj/crt0.o
 .data          0x00000000        0x0 build/obj/crt0.o
 .bss           0x00000000        0x0 build/obj/crt0.o
 .text.__early_init
                0x00000000       0x10 build/obj/crt0.o
 .text          0x00000000        0x0 build/obj/vectors.o
 .data          0x00000000        0x0 build/obj/vectors.o
 .bss           0x00000000        0x0 build/obj/vectors.o
 .text          0x00000000        0x0 build/obj/chcore.o
 .data          0x00000000        0x0 build/obj/chcore.o
 .bss           0x00000000        0x0 build/obj/chcore.o
 .text          0x00000000        0x0 build/obj/chcore_v7m.o
 .data          0x00000000        0x0 build/obj/chcore_v7m.o
 .bss           0x00000000        0x0 build/obj/chcore_v7m.o
 .text          0x00000000        0x0 build/obj/nvic.o
 .data          0x00000000        0x0 build/obj/nvic.o
 .bss           0x00000000        0x0 build/obj/nvic.o
 .text.nvicDisableVector
                0x00000000       0x80 build/obj/nvic.o
 .text          0x00000000        0x0 build/obj/chsys.o
 .data          0x00000000        0x0 build/obj/chsys.o
 .bss           0x00000000        0x0 build/obj/chsys.o
 .text          0x00000000        0x0 build/obj/chdebug.o
 .data          0x00000000        0x0 build/obj/chdebug.o
 .bss           0x00000000        0x0 build/obj/chdebug.o
 .text          0x00000000        0x0 build/obj/chlists.o
 .data          0x00000000        0x0 build/obj/chlists.o
 .bss           0x00000000        0x0 build/obj/chlists.o
 .text.prio_insert
                0x00000000       0x50 build/obj/chlists.o
 .text.queue_insert
                0x00000000       0x30 build/obj/chlists.o
 .text.lifo_remove
                0x00000000       0x30 build/obj/chlists.o
 .text.list_insert
                0x00000000       0x20 build/obj/chlists.o
 .text.list_remove
                0x00000000       0x20 build/obj/chlists.o
 .text          0x00000000        0x0 build/obj/chvt.o
 .data          0x00000000        0x0 build/obj/chvt.o
 .bss           0x00000000        0x0 build/obj/chvt.o
 .text.chTimeIsWithin
                0x00000000       0x70 build/obj/chvt.o
 .text          0x00000000        0x0 build/obj/chschd.o
 .data          0x00000000        0x0 build/obj/chschd.o
 .bss           0x00000000        0x0 build/obj/chschd.o
 .text.chSchRescheduleS
                0x00000000       0x30 build/obj/chschd.o
 .text.chSchDoRescheduleBehind
                0x00000000       0x60 build/obj/chschd.o
 .text          0x00000000        0x0 build/obj/chthreads.o
 .data          0x00000000        0x0 build/obj/chthreads.o
 .bss           0x00000000        0x0 build/obj/chthreads.o
 .text.chThdSetPriority
                0x00000000       0x40 build/obj/chthreads.o
 .text.chThdResume
                0x00000000       0x40 build/obj/chthreads.o
 .text.chThdTerminate
                0x00000000       0x20 build/obj/chthreads.o
 .text.chThdSleepUntil
                0x00000000       0x40 build/obj/chthreads.o
 .text.chThdYield
                0x00000000       0x30 build/obj/chthreads.o
[...]
Memory Configuration

Name             Origin             Length             Attributes
flash            0x08000000         0x00100000
ram              0x20000000         0x0001c000
ethram           0x2001c000         0x00004000
ccmram           0x10000000         0x00010000
*default*        0x00000000         0xffffffff

Linker script and memory map

LOAD build/obj/crt0.o
LOAD build/obj/vectors.o
LOAD build/obj/chcore.o
LOAD build/obj/chcore_v7m.o
LOAD build/obj/nvic.o
LOAD build/obj/chsys.o
LOAD build/obj/chdebug.o
LOAD build/obj/chlists.o
LOAD build/obj/chvt.o
LOAD build/obj/chschd.o
LOAD build/obj/chthreads.o
LOAD build/obj/chdynamic.o
LOAD build/obj/chregistry.o
LOAD build/obj/chsem.o
LOAD build/obj/chmtx.o
LOAD build/obj/chcond.o
LOAD build/obj/chevents.o
LOAD build/obj/chmsg.o
LOAD build/obj/chmboxes.o
LOAD build/obj/chqueues.o
LOAD build/obj/chmemcore.o
LOAD build/obj/chheap.o
LOAD build/obj/chmempools.o
LOAD build/obj/hal.o
LOAD build/obj/adc.o
LOAD build/obj/can.o
LOAD build/obj/dac.o
LOAD build/obj/ext.o
LOAD build/obj/gpt.o
LOAD build/obj/i2c.o
LOAD build/obj/icu.o
LOAD build/obj/mac.o
LOAD build/obj/mmc_spi.o
LOAD build/obj/mmcsd.o
LOAD build/obj/pal.o
LOAD build/obj/pwm.o
LOAD build/obj/rtc.o
LOAD build/obj/sdc.o
LOAD build/obj/serial.o
LOAD build/obj/serial_usb.o
LOAD build/obj/spi.o
LOAD build/obj/tm.o
LOAD build/obj/uart.o
LOAD build/obj/usb.o
LOAD build/obj/stm32_dma.o
LOAD build/obj/hal_lld.o
LOAD build/obj/adc_lld.o
LOAD build/obj/ext_lld_isr.o
LOAD build/obj/can_lld.o
LOAD build/obj/ext_lld.o
LOAD build/obj/mac_lld.o
LOAD build/obj/sdc_lld.o
LOAD build/obj/pal_lld.o
LOAD build/obj/i2c_lld.o
LOAD build/obj/usb_lld.o
LOAD build/obj/rtc_lld.o
LOAD build/obj/spi_lld.o
LOAD build/obj/gpt_lld.o
LOAD build/obj/icu_lld.o
LOAD build/obj/pwm_lld.o
LOAD build/obj/serial_lld.o
LOAD build/obj/uart_lld.o
LOAD build/obj/board.o
LOAD build/obj/evtimer.o
LOAD build/obj/chprintf.o
LOAD build/obj/syscalls.o
LOAD build/obj/ihex.o
LOAD build/obj/stm32f4xx_flash.o
LOAD build/obj/helper.o
LOAD build/obj/ff.o
LOAD build/obj/fatfs_diskio.o
LOAD build/obj/main.o
START GROUP
LOAD c:/chibistudio/tools/gnu tools arm embedded/4.7 2013q1/bin/../lib/gcc/arm-none-eabi/4.7.3/armv7e-m\libgcc.a
LOAD c:/chibistudio/tools/gnu tools arm embedded/4.7 2013q1/bin/../lib/gcc/arm-none-eabi/4.7.3/../../../../arm-none-eabi/lib/armv7e-m\libc.a
END GROUP
                0x00000400                __main_stack_size__ = 0x400
                0x00000400                __process_stack_size__ = 0x400
                0x20000000                __ram_start__ = ORIGIN (ram)
                0x0001c000                __ram_size__ = 0x1c000
                0x2001c000                __ram_end__ = (__ram_start__ + __ram_size__)
                0x00000000                . = 0x0
                0x00000000                _text = .

startup         0x08000000      0x188
 *(vectors)
 vectors        0x08000000      0x188 build/obj/vectors.o
                0x08000000                _vectors

constructors    0x08000188        0x0
                0x08000188                PROVIDE (__init_array_start, .)
 *(SORT(.init_array.*))
 *(.init_array)
                0x08000188                PROVIDE (__init_array_end, .)

destructors     0x08000188        0x0
                0x08000188                PROVIDE (__fini_array_start, .)
 *(.fini_array)
 *(SORT(.fini_array.*))
                0x08000188                PROVIDE (__fini_array_end, .)

.text           0x08000190     0x6c54
 *(.text.startup.*)
 *(.text)
 *(.text.*)
 .text.__late_init
                0x08000190       0x10 build/obj/crt0.o
                0x08000190                __late_init
 .text._default_exit
                0x080001a0       0x10 build/obj/crt0.o
                0x080001a0                _default_exit
 .text.ResetHandler
                0x080001b0       0xf0 build/obj/crt0.o
                0x080001b0                ResetHandler
 .text._unhandled_exception
                0x080002a0       0x10 build/obj/vectors.o
                0x080002a0                Vector58
                0x080002a0                VectorE8
                0x080002a0                Vector9C
                0x080002a0                VectorAC
                0x080002a0                Vector5C
                0x080002a0                NMIVector
                0x080002a0                Vector11C
                0x080002a0                Vector8C
                0x080002a0                VectorDC
                0x080002a0                Vector168
                0x080002a0                Vector110
                0x080002a0                VectorC8
                0x080002a0                Vector94
                0x080002a0                VectorA8
                0x080002a0                VectorB4
                0x080002a0                Vector160
                0x080002a0                VectorEC
                0x080002a0                UsageFaultVector
                0x080002a0                DebugMonitorVector
                0x080002a0                Vector40
                0x080002a0                VectorF8
                0x080002a0                Vector108
                0x080002a0                VectorBC
                0x080002a0                Vector148
                0x080002a0                PendSVVector
                0x080002a0                Vector118
                0x080002a0                Vector64
                0x080002a0                VectorCC
                0x080002a0                Vector54
                0x080002a0                Vector98
                0x080002a0                VectorD8
                0x080002a0                Vector138
                0x080002a0                Vector24
                0x080002a0                Vector178
                0x080002a0                BusFaultVector
                0x080002a0                VectorD0
                0x080002a0                Vector140
                0x080002a0                VectorE4
                0x080002a0                VectorC0
                0x080002a0                HardFaultVector
                0x080002a0                Vector134
                0x080002a0                VectorF0
                0x080002a0                Vector13C
                0x080002a0                Vector100
                0x080002a0                VectorE0
                0x080002a0                VectorF4
                0x080002a0                MemManageVector
                0x080002a0                VectorA0
                0x080002a0                VectorC4
                0x080002a0                Vector180
                0x080002a0                VectorB0
                0x080002a0                Vector90
                0x080002a0                Vector114
                0x080002a0                Vector164
                0x080002a0                Vector60
                0x080002a0                Vector1C
                0x080002a0                Vector17C
                0x080002a0                Vector48
                0x080002a0                Vector16C
                0x080002a0                VectorD4
                0x080002a0                Vector4C
                0x080002a0                Vector144
                0x080002a0                Vector15C
                0x080002a0                Vector68
                0x080002a0                _unhandled_exception
                0x080002a0                Vector170
                0x080002a0                Vector88
                0x080002a0                Vector184
                0x080002a0                Vector10C
                0x080002a0                Vector14C
                0x080002a0                Vector50
                0x080002a0                Vector44
                0x080002a0                Vector28
                0x080002a0                VectorB8
                0x080002a0                Vector34
                0x080002a0                VectorA4
                0x080002a0                Vector20
                0x080002a0                Vector174
 .text.port_halt
                0x080002b0       0x10 build/obj/chcore.o
                0x080002b0                port_halt
 .text.SysTickVector
                0x080002c0       0x20 build/obj/chcore_v7m.o
                0x080002c0                SysTickVector
 .text.SVCallVector
                0x080002e0       0x20 build/obj/chcore_v7m.o
                0x080002e0                SVCallVector
 .text._port_init
                0x08000300       0x50 build/obj/chcore_v7m.o
                0x08000300                _port_init
 .text._port_lock
                0x08000350       0x10 build/obj/chcore_v7m.o
                0x08000350                _port_lock
 .text._port_unlock
                0x08000360       0x10 build/obj/chcore_v7m.o
                0x08000360                _port_unlock
 .text._port_irq_epilogue
                0x08000370       0x80 build/obj/chcore_v7m.o
                0x08000370                _port_irq_epilogue
 .text._port_switch_from_isr
                0x080003f0       0x10 build/obj/chcore_v7m.o
                0x080003f0                _port_switch_from_isr
 .text._port_switch
                0x08000400       0x20 build/obj/chcore_v7m.o
                0x08000400                _port_switch
 .text._port_thread_start
                0x08000420       0x20 build/obj/chcore_v7m.o
                0x08000420                _port_thread_start
 .text.nvicEnableVector
                0x08000440       0xb0 build/obj/nvic.o
                0x08000440                nvicEnableVector
 .text.nvicSetSystemHandlerPriority
                0x080004f0       0x60 build/obj/nvic.o
                0x080004f0                nvicSetSystemHandlerPriority
 .text._idle_thread
                0x08000550       0x10 build/obj/chsys.o
                0x08000550                _idle_thread
 .text.chSysInit
                0x08000560       0x80 build/obj/chsys.o
                0x08000560                chSysInit
 .text.chSysTimerHandlerI
                0x080005e0       0xa0 build/obj/chsys.o
                0x080005e0                chSysTimerHandlerI
 .text.chDbgPanic
                0x08000680       0x20 build/obj/chdebug.o
                0x08000680                chDbgPanic
 .text.fifo_remove
                0x080006a0       0x30 build/obj/chlists.o
                0x080006a0                fifo_remove
 .text.dequeue  0x080006d0       0x20 build/obj/chlists.o
                0x080006d0                dequeue
 .text._vt_init
                0x080006f0       0x50 build/obj/chvt.o
                0x080006f0                _vt_init
 .text.chVTSetI
                0x08000740       0xa0 build/obj/chvt.o
                0x08000740                chVTSetI
 .text.chVTResetI
                0x080007e0       0x60 build/obj/chvt.o
                0x080007e0                chVTResetI
 .text._scheduler_init
                0x08000840       0x40 build/obj/chschd.o
                0x08000840                _scheduler_init
 .text.chSchReadyI
                0x08000880       0x70 build/obj/chschd.o
                0x08000880                chSchReadyI
 .text.chSchGoSleepS
                0x080008f0       0x60 build/obj/chschd.o
                0x080008f0                chSchGoSleepS
 .text.wakeup   0x08000950       0x50 build/obj/chschd.o
 .text.chSchGoSleepTimeoutS
                0x080009a0       0x70 build/obj/chschd.o
                0x080009a0                chSchGoSleepTimeoutS
 .text.chSchWakeupS
                0x08000a10       0x60 build/obj/chschd.o
                0x08000a10                chSchWakeupS
 .text.chSchDoRescheduleAhead
                0x08000a70       0x90 build/obj/chschd.o
                0x08000a70                chSchDoRescheduleAhead
 .text.chSchDoReschedule
                0x08000b00       0x10 build/obj/chschd.o
                0x08000b00                chSchDoReschedule
 .text._thread_init
                0x08000b10       0x30 build/obj/chthreads.o
                0x08000b10                _thread_init
 .text.chThdCreateI
                0x08000b40       0x70 build/obj/chthreads.o
                0x08000b40                chThdCreateI
 .text.chThdCreateStatic
                0x08000bb0       0x40 build/obj/chthreads.o
                0x08000bb0                chThdCreateStatic
 .text.chThdSleep
                0x08000bf0       0x20 build/obj/chthreads.o
                0x08000bf0                chThdSleep
 .text.chThdExit
                0x08000c10       0x20 build/obj/chthreads.o
                0x08000c10                chThdExit
 .text.chThdExitS
                0x08000c30       0x30 build/obj/chthreads.o
                0x08000c30                chThdExitS
 .text.chSemInit
                0x08000c60       0x30 build/obj/chsem.o
                0x08000c60                chSemInit
 .text._core_init
                0x08000c90       0x40 build/obj/chmemcore.o
                0x08000c90                _core_init
 .text.chCoreAlloc
                0x08000cd0       0x20 build/obj/chmemcore.o
                0x08000cd0                chCoreAlloc
 .text.chCoreAllocI
                0x08000cf0       0x70 build/obj/chmemcore.o
                0x08000cf0                chCoreAllocI
 .text._heap_init
                0x08000d60       0x40 build/obj/chheap.o
                0x08000d60                _heap_init
 .text.halInit  0x08000da0       0x20 build/obj/hal.o
                0x08000da0                halInit
 .text.mmcsd_get_slice
                0x08000dc0       0xa0 build/obj/mmcsd.o
 .text.mmcsdGetCapacity
                0x08000e60       0x90 build/obj/mmcsd.o
                0x08000e60                mmcsdGetCapacity
 .text._sdc_wait_for_transfer_state
                0x08000ef0       0x70 build/obj/sdc.o
                0x08000ef0                _sdc_wait_for_transfer_state
 .text.sdcInit  0x08000f60       0x10 build/obj/sdc.o
                0x08000f60                sdcInit
 .text.sdcObjectInit
                0x08000f70       0x40 build/obj/sdc.o
                0x08000f70                sdcObjectInit
 .text.sdcStart
                0x08000fb0       0x50 build/obj/sdc.o
                0x08000fb0                sdcStart
 .text.sdcConnect
                0x08001000      0x2a0 build/obj/sdc.o
                0x08001000                sdcConnect
 .text.sdcDisconnect
                0x080012a0       0x80 build/obj/sdc.o
                0x080012a0                sdcDisconnect
 .text.sdcRead  0x08001320       0x80 build/obj/sdc.o
                0x08001320                sdcRead
 .text.sdcWrite
                0x080013a0       0x80 build/obj/sdc.o
                0x080013a0                sdcWrite
 .text.sdcSync  0x08001420       0x40 build/obj/sdc.o
                0x08001420                sdcSync
 .text.sdcGetInfo
                0x08001460       0x40 build/obj/sdc.o
                0x08001460                sdcGetInfo
 .text.spiInit  0x080014a0       0x10 build/obj/spi.o
                0x080014a0                spiInit
 .text.spiObjectInit
                0x080014b0       0x40 build/obj/spi.o
                0x080014b0                spiObjectInit
 .text.Vector6C
                0x080014f0       0x60 build/obj/stm32_dma.o
                0x080014f0                Vector6C
 .text.Vector70
                0x08001550       0x60 build/obj/stm32_dma.o
                0x08001550                Vector70
 .text.Vector74
                0x080015b0       0x60 build/obj/stm32_dma.o
                0x080015b0                Vector74
 .text.Vector78
                0x08001610       0x60 build/obj/stm32_dma.o
                0x08001610                Vector78
 .text.Vector7C
                0x08001670       0x60 build/obj/stm32_dma.o
                0x08001670                Vector7C
 .text.Vector80
                0x080016d0       0x60 build/obj/stm32_dma.o
                0x080016d0                Vector80
 .text.Vector84
                0x08001730       0x60 build/obj/stm32_dma.o
                0x08001730                Vector84
 .text.VectorFC
                0x08001790       0x60 build/obj/stm32_dma.o
                0x08001790                VectorFC
 .text.Vector120
                0x080017f0       0x60 build/obj/stm32_dma.o
                0x080017f0                Vector120
 .text.Vector124
                0x08001850       0x60 build/obj/stm32_dma.o
                0x08001850                Vector124
 .text.Vector128
                0x080018b0       0x60 build/obj/stm32_dma.o
                0x080018b0                Vector128
 .text.Vector12C
                0x08001910       0x60 build/obj/stm32_dma.o
                0x08001910                Vector12C
 .text.Vector130
                0x08001970       0x60 build/obj/stm32_dma.o
                0x08001970                Vector130
 .text.Vector150
                0x080019d0       0x60 build/obj/stm32_dma.o
                0x080019d0                Vector150
 .text.Vector154
                0x08001a30       0x60 build/obj/stm32_dma.o
                0x08001a30                Vector154
 .text.Vector158
                0x08001a90       0x60 build/obj/stm32_dma.o
                0x08001a90                Vector158
 .text.dmaInit  0x08001af0       0xa0 build/obj/stm32_dma.o
                0x08001af0                dmaInit
 .text.dmaStreamAllocate
                0x08001b90      0x140 build/obj/stm32_dma.o
                0x08001b90                dmaStreamAllocate
 .text.hal_lld_backup_domain_init
                0x08001cd0       0xc0 build/obj/hal_lld.o
 .text.hal_lld_init
                0x08001d90      0x120 build/obj/hal_lld.o
                0x08001d90                hal_lld_init
 .text.stm32_clock_init
                0x08001eb0      0x180 build/obj/hal_lld.o
                0x08001eb0                stm32_clock_init
 .text.sdc_lld_prepare_read
                0x08002030       0x90 build/obj/sdc_lld.o
 .text.sdc_lld_prepare_write
                0x080020c0       0x90 build/obj/sdc_lld.o
 .text.sdc_lld_wait_transaction_end
                0x08002150       0xf0 build/obj/sdc_lld.o
 .text.sdc_lld_collect_errors
                0x08002240       0xa0 build/obj/sdc_lld.o
 .text.sdc_lld_error_cleanup
                0x080022e0       0xc0 build/obj/sdc_lld.o
 .text.Vector104
                0x080023a0       0x50 build/obj/sdc_lld.o
                0x080023a0                Vector104
 .text.sdc_lld_init
                0x080023f0       0x40 build/obj/sdc_lld.o
                0x080023f0                sdc_lld_init
 .text.sdc_lld_start
                0x08002430       0xe0 build/obj/sdc_lld.o
                0x08002430                sdc_lld_start
 .text.sdc_lld_start_clk
                0x08002510       0x50 build/obj/sdc_lld.o
                0x08002510                sdc_lld_start_clk
 .text.sdc_lld_set_data_clk
                0x08002560       0x20 build/obj/sdc_lld.o
                0x08002560                sdc_lld_set_data_clk
 .text.sdc_lld_stop_clk
                0x08002580       0x30 build/obj/sdc_lld.o
                0x08002580                sdc_lld_stop_clk
 .text.sdc_lld_set_bus_mode
                0x080025b0       0x60 build/obj/sdc_lld.o
                0x080025b0                sdc_lld_set_bus_mode
 .text.sdc_lld_send_cmd_none
                0x08002610       0x50 build/obj/sdc_lld.o
                0x08002610                sdc_lld_send_cmd_none
 .text.sdc_lld_send_cmd_short
                0x08002660       0x90 build/obj/sdc_lld.o
                0x08002660                sdc_lld_send_cmd_short
 .text.sdc_lld_send_cmd_short_crc
                0x080026f0       0x90 build/obj/sdc_lld.o
                0x080026f0                sdc_lld_send_cmd_short_crc
 .text.sdc_lld_send_cmd_long_crc
                0x08002780       0xd0 build/obj/sdc_lld.o
                0x08002780                sdc_lld_send_cmd_long_crc
 .text.sdc_lld_read_aligned
                0x08002850       0xf0 build/obj/sdc_lld.o
                0x08002850                sdc_lld_read_aligned
 .text.sdc_lld_write_aligned
                0x08002940      0x100 build/obj/sdc_lld.o
                0x08002940                sdc_lld_write_aligned
 .text.sdc_lld_read
                0x08002a40       0xa0 build/obj/sdc_lld.o
                0x08002a40                sdc_lld_read
 .text.sdc_lld_write
                0x08002ae0       0xa0 build/obj/sdc_lld.o
                0x08002ae0                sdc_lld_write
 .text.sdc_lld_sync
                0x08002b80       0x10 build/obj/sdc_lld.o
                0x08002b80                sdc_lld_sync
 .text.initgpio
                0x08002b90       0x50 build/obj/pal_lld.o
 .text._pal_lld_init
                0x08002be0      0x100 build/obj/pal_lld.o
                0x08002be0                _pal_lld_init
 .text.spi_lld_init
                0x08002ce0       0x80 build/obj/spi_lld.o
                0x08002ce0                spi_lld_init
 .text.__early_init
                0x08002d60       0x10 build/obj/board.o
                0x08002d60                __early_init
 .text.sdc_lld_is_card_inserted
                0x08002d70       0x30 build/obj/board.o
                0x08002d70                sdc_lld_is_card_inserted
 .text.sdc_lld_is_write_protected
                0x08002da0       0x30 build/obj/board.o
                0x08002da0                sdc_lld_is_write_protected
 .text.boardInit
                0x08002dd0       0x10 build/obj/board.o
                0x08002dd0                boardInit
 .text.Read_IHexRecord
                0x08002de0      0x260 build/obj/ihex.o
                0x08002de0                Read_IHexRecord
 .text.Checksum_IHexRecord
                0x08003040       0x90 build/obj/ihex.o
                0x08003040                Checksum_IHexRecord
 .text.FLASH_Unlock
                0x080030d0       0x40 build/obj/stm32f4xx_flash.o
                0x080030d0                FLASH_Unlock
 .text.FLASH_Lock
                0x08003110       0x20 build/obj/stm32f4xx_flash.o
                0x08003110                FLASH_Lock
 .text.FLASH_EraseSector
                0x08003130      0x1b0 build/obj/stm32f4xx_flash.o
                0x08003130                FLASH_EraseSector
 .text.FLASH_ProgramByte
                0x080032e0       0xf0 build/obj/stm32f4xx_flash.o
                0x080032e0                FLASH_ProgramByte
 .text.FLASH_ClearFlag
                0x080033d0       0x40 build/obj/stm32f4xx_flash.o
                0x080033d0                FLASH_ClearFlag
 .text.FLASH_GetStatus
                0x08003410       0x90 build/obj/stm32f4xx_flash.o
                0x08003410                FLASH_GetStatus
 .text.FLASH_WaitForLastOperation
                0x080034a0       0x40 build/obj/stm32f4xx_flash.o
                0x080034a0                FLASH_WaitForLastOperation
 .text.FLASH_GetSector
                0x080034e0      0x1a0 build/obj/stm32f4xx_flash.o
                0x080034e0                FLASH_GetSector
 .text.FLASH_GetSectorNumber
                0x08003680      0x1a0 build/obj/stm32f4xx_flash.o
                0x08003680                FLASH_GetSectorNumber
 .text.flash_init
                0x08003820       0x60 build/obj/helper.o
                0x08003820                flash_init
 .text.flash_write
                0x08003880      0x110 build/obj/helper.o
                0x08003880                flash_write
 .text.mem_cpy  0x08003990       0x50 build/obj/ff.o
 .text.mem_set  0x080039e0       0x40 build/obj/ff.o
 .text.mem_cmp  0x08003a20       0x70 build/obj/ff.o
 .text.chk_chr  0x08003a90       0x30 build/obj/ff.o
 .text.sync_window
                0x08003ac0       0xa0 build/obj/ff.o
 .text.move_window
                0x08003b60       0x60 build/obj/ff.o
 .text.sync_fs  0x08003bc0      0x180 build/obj/ff.o
 .text.clust2sect
                0x08003d40       0x40 build/obj/ff.o
                0x08003d40                clust2sect
 .text.get_fat  0x08003d80      0x1a0 build/obj/ff.o
                0x08003d80                get_fat
 .text.put_fat  0x08003f20      0x280 build/obj/ff.o
                0x08003f20                put_fat
 .text.remove_chain
                0x080041a0       0xc0 build/obj/ff.o
 .text.create_chain
                0x08004260      0x130 build/obj/ff.o
 .text.dir_sdi  0x08004390      0x130 build/obj/ff.o
 .text.dir_next
                0x080044c0      0x1f0 build/obj/ff.o
 .text.dir_alloc
                0x080046b0       0xa0 build/obj/ff.o
 .text.ld_clust
                0x08004750       0x60 build/obj/ff.o
 .text.st_clust
                0x080047b0       0x60 build/obj/ff.o
 .text.dir_find
                0x08004810       0xc0 build/obj/ff.o
 .text.dir_register
                0x080048d0       0x80 build/obj/ff.o
 .text.create_name
                0x08004950      0x200 build/obj/ff.o
 .text.follow_path
                0x08004b50      0x100 build/obj/ff.o
 .text.check_fs
                0x08004c50       0xe0 build/obj/ff.o
 .text.chk_mounted
                0x08004d30      0x630 build/obj/ff.o
 .text.validate
                0x08005360       0x60 build/obj/ff.o
 .text.f_mount  0x080053c0       0x70 build/obj/ff.o
                0x080053c0                f_mount
 .text.f_open   0x08005430      0x2e0 build/obj/ff.o
                0x08005430                f_open
 .text.f_read   0x08005710      0x2f0 build/obj/ff.o
                0x08005710                f_read
 .text.f_sync   0x08005a00      0x190 build/obj/ff.o
                0x08005a00                f_sync
 .text.f_close  0x08005b90       0x30 build/obj/ff.o
                0x08005b90                f_close
 .text.f_gets   0x08005bc0       0x90 build/obj/ff.o
                0x08005bc0                f_gets
 .text.disk_initialize
                0x08005c50       0x70 build/obj/fatfs_diskio.o
                0x08005c50                disk_initialize
 .text.disk_status
                0x08005cc0       0x70 build/obj/fatfs_diskio.o
                0x08005cc0                disk_status
 .text.disk_read
                0x08005d30       0x60 build/obj/fatfs_diskio.o
                0x08005d30                disk_read
 .text.disk_write
                0x08005d90       0x60 build/obj/fatfs_diskio.o
                0x08005d90                disk_write
 .text.disk_ioctl
                0x08005df0       0x80 build/obj/fatfs_diskio.o
                0x08005df0                disk_ioctl
 .text.get_fattime
                0x08005e70       0x10 build/obj/fatfs_diskio.o
                0x08005e70                get_fattime
 .text.main     0x08005e80      0x460 build/obj/main.o
                0x08005e80                main
 .text.jumpToApp
                0x080062e0       0x80 build/obj/main.o
 .text.loaderError
                0x08006360       0xc0 build/obj/main.o
 .text.panic_panic
                0x08006420       0x10 build/obj/main.o
                0x08006420                panic_panic
 .text.assert_param
                0x08006430       0x20 build/obj/main.o
                0x08006430                assert_param
 .text.memcpy   0x08006450      0x144 c:/chibistudio/tools/gnu tools arm embedded/4.7 2013q1/bin/../lib/gcc/arm-none-eabi/4.7.3/../../../../arm-none-eabi/lib/armv7e-m\libc.a(lib_a-memcpy.o)
                0x08006450                memcpy
 *fill*         0x08006594        0xc 00
 .text.strlen   0x080065a0       0x60 c:/chibistudio/tools/gnu tools arm embedded/4.7 2013q1/bin/../lib/gcc/arm-none-eabi/4.7.3/../../../../arm-none-eabi/lib/armv7e-m\libc.a(lib_a-strlen.o)
                0x080065a0                strlen
 .text.strncpy  0x08006600      0x110 c:/chibistudio/tools/gnu tools arm embedded/4.7 2013q1/bin/../lib/gcc/arm-none-eabi/4.7.3/../../../../arm-none-eabi/lib/armv7e-m\libc.a(lib_a-strncpy.o)
                0x08006600                strncpy
 .text._strtol_r
                0x08006710      0x134 c:/chibistudio/tools/gnu tools arm embedded/4.7 2013q1/bin/../lib/gcc/arm-none-eabi/4.7.3/../../../../arm-none-eabi/lib/armv7e-m\libc.a(lib_a-strtol.o)
                0x08006710                _strtol_r
 *fill*         0x08006844        0xc 00
 .text.strtol   0x08006850       0x1c c:/chibistudio/tools/gnu tools arm embedded/4.7 2013q1/bin/../lib/gcc/arm-none-eabi/4.7.3/../../../../arm-none-eabi/lib/armv7e-m\libc.a(lib_a-strtol.o)
                0x08006850                strtol
 *(.rodata)
 *fill*         0x0800686c        0x4 00
 .rodata        0x08006870       0x14 build/obj/chvt.o
 *fill*         0x08006884        0xc 00
 .rodata        0x08006890       0x14 build/obj/chschd.o
 *fill*         0x080068a4        0xc 00
 .rodata        0x080068b0       0x28 build/obj/chthreads.o
 *fill*         0x080068d8        0x8 00
 .rodata        0x080068e0       0x94 build/obj/sdc.o
 *fill*         0x08006974        0xc 00
 .rodata        0x08006980       0x64 build/obj/sdc_lld.o
 *fill*         0x080069e4        0xc 00
 .rodata        0x080069f0       0x54 build/obj/ff.o
 *fill*         0x08006a44        0xc 00
 .rodata        0x08006a50        0xc build/obj/main.o
 *(.rodata.*)
 *fill*         0x08006a5c        0x4 00
 .rodata.sdc_vmt
                0x08006a60       0x20 build/obj/sdc.o
 .rodata._stm32_dma_streams
                0x08006a80       0xc0 build/obj/stm32_dma.o
                0x08006a80                _stm32_dma_streams
 .rodata.pal_default_config
                0x08006b40       0xfc build/obj/board.o
                0x08006b40                pal_default_config
 *fill*         0x08006c3c        0x4 00
 .rodata.ExCvt  0x08006c40       0x80 build/obj/ff.o
 .rodata.sdio_cfg
                0x08006cc0        0x4 build/obj/main.o
 *fill*         0x08006cc4        0xc 00
 .rodata._ctype_
                0x08006cd0      0x104 c:/chibistudio/tools/gnu tools arm embedded/4.7 2013q1/bin/../lib/gcc/arm-none-eabi/4.7.3/../../../../arm-none-eabi/lib/armv7e-m\libc.a(lib_a-ctype_.o)
                0x08006cd0                _ctype_
 *fill*         0x08006dd4        0xc 00
 .rodata.str1.4
                0x08006de0        0x4 c:/chibistudio/tools/gnu tools arm embedded/4.7 2013q1/bin/../lib/gcc/arm-none-eabi/4.7.3/../../../../arm-none-eabi/lib/armv7e-m\libc.a(lib_a-impure.o)
 *(.glue_7t)
 .glue_7t       0x00000000        0x0 linker stubs
 *(.glue_7)
 .glue_7        0x00000000        0x0 linker stubs
 *(.gcc*)

.vfp11_veneer   0x08006de4        0x0
 .vfp11_veneer  0x00000000        0x0 linker stubs

.v4_bx          0x08006de4        0x0
 .v4_bx         0x00000000        0x0 linker stubs

.iplt           0x08006de4        0x0
 .iplt          0x00000000        0x0 build/obj/crt0.o

.rel.dyn        0x08006de4        0x0
 .rel.iplt      0x00000000        0x0 build/obj/crt0.o

.ARM.extab
 *(.ARM.extab* .gnu.linkonce.armextab.*)

.ARM.exidx      0x08006de4        0x0
                0x08006de4                PROVIDE (__exidx_start, .)
 *(.ARM.exidx* .gnu.linkonce.armexidx.*)
                0x08006de4                PROVIDE (__exidx_end, .)

.eh_frame_hdr
 *(.eh_frame_hdr)

.eh_frame
 *(.eh_frame)

.textalign      0x08006de4        0x4
                0x08006de8                . = ALIGN (0x8)
 *fill*         0x08006de4        0x4 00
                0x08006de8                . = ALIGN (0x4)
                0x08006de8                _etext = .
                0x08006de8                _textdata = _etext

.stacks         0x20000000      0x800
                0x20000000                . = ALIGN (0x8)
                0x20000000                __main_stack_base__ = .
                0x20000400                . = (. + __main_stack_size__)
 *fill*         0x20000000      0x400 00
                0x20000400                . = ALIGN (0x8)
                0x20000400                __main_stack_end__ = .
                0x20000400                __process_stack_base__ = .
                0x20000400                __main_thread_stack_base__ = .
                0x20000800                . = (. + __process_stack_size__)
 *fill*         0x20000400      0x400 00
                0x20000800                . = ALIGN (0x8)
                0x20000800                __process_stack_end__ = .
                0x20000800                __main_thread_stack_end__ = .

.data           0x20000800      0x434 load address 0x08006de8
                0x20000800                . = ALIGN (0x4)
                0x20000800                PROVIDE (_data, .)
 *(.data)
                0x20000800                . = ALIGN (0x4)
 *(.data.*)
 .data.__ctype_ptr__
                0x20000800        0x4 c:/chibistudio/tools/gnu tools arm embedded/4.7 2013q1/bin/../lib/gcc/arm-none-eabi/4.7.3/../../../../arm-none-eabi/lib/armv7e-m\libc.a(lib_a-ctype_.o)
                0x20000800                __ctype_ptr__
 *fill*         0x20000804        0x4 00
 .data.impure_data
                0x20000808      0x428 c:/chibistudio/tools/gnu tools arm embedded/4.7 2013q1/bin/../lib/gcc/arm-none-eabi/4.7.3/../../../../arm-none-eabi/lib/armv7e-m\libc.a(lib_a-impure.o)
 .data._impure_ptr
                0x20000c30        0x4 c:/chibistudio/tools/gnu tools arm embedded/4.7 2013q1/bin/../lib/gcc/arm-none-eabi/4.7.3/../../../../arm-none-eabi/lib/armv7e-m\libc.a(lib_a-impure.o)
                0x20000c30                _impure_ptr
                0x20000c34                . = ALIGN (0x4)
 *(.ramtext)
                0x20000c34                . = ALIGN (0x4)
                0x20000c34                PROVIDE (_edata, .)

.igot.plt       0x20000c34        0x0 load address 0x0800721c
 .igot.plt      0x00000000        0x0 build/obj/crt0.o

.bss            0x20000c38      0x770 load address 0x0800721c
                0x20000c38                . = ALIGN (0x4)
                0x20000c38                PROVIDE (_bss_start, .)
 *(.bss)
                0x20000c38                . = ALIGN (0x4)
 *(.bss.*)
 .bss._idle_thread_wa
                0x20000c38       0x90 build/obj/chsys.o
                0x20000c38                _idle_thread_wa
 .bss.mainthread.4608
                0x20000cc8       0x1c build/obj/chsys.o
 .bss.dbg_panic_msg
                0x20000ce4        0x4 build/obj/chdebug.o
                0x20000ce4                dbg_panic_msg
 .bss.vtlist    0x20000ce8       0x10 build/obj/chvt.o
                0x20000ce8                vtlist
 .bss.rlist     0x20000cf8       0x14 build/obj/chschd.o
                0x20000cf8                rlist
 .bss.nextmem   0x20000d0c        0x4 build/obj/chmemcore.o
 .bss.endmem    0x20000d10        0x4 build/obj/chmemcore.o
 *fill*         0x20000d14        0x4 00
 .bss.default_heap
                0x20000d18       0x20 build/obj/chheap.o
 .bss.dma_streams_mask
                0x20000d38        0x4 build/obj/stm32_dma.o
 .bss.dma_isr_redir
                0x20000d3c       0x80 build/obj/stm32_dma.o
 .bss.SDCD1     0x20000dbc       0x4c build/obj/sdc_lld.o
                0x20000dbc                SDCD1
 .bss.u         0x20000e08      0x200 build/obj/sdc_lld.o
 .bss.SPID1     0x20001008       0x2c build/obj/spi_lld.o
                0x20001008                SPID1
 .bss.dummytx   0x20001034        0x2 build/obj/spi_lld.o
 *fill*         0x20001036        0x2 00
 .bss.FatFs     0x20001038        0x4 build/obj/ff.o
 .bss.Fsid      0x2000103c        0x2 build/obj/ff.o
 *fill*         0x2000103e        0x2 00
 .bss.SDC_FS    0x20001040      0x234 build/obj/main.o
 .bss.Flash     0x20001274       0x18 build/obj/main.o
                0x20001274                Flash
 .bss.irec      0x2000128c      0x110 build/obj/main.o
 .bss.addressOffset
                0x2000139c        0x2 build/obj/main.o
 *fill*         0x2000139e        0x2 00
 .bss.address   0x200013a0        0x4 build/obj/main.o
 .bss.ihexError
                0x200013a4        0x1 build/obj/main.o
                0x200013a8                . = ALIGN (0x4)
 *fill*         0x200013a5        0x3 00
 *(COMMON)
                0x200013a8                . = ALIGN (0x4)
                0x200013a8                PROVIDE (_bss_end, .)
                0x200013a8                PROVIDE (end, .)
                0x200013a8                _end = .
                0x200013a8                __heap_base__ = _end
                0x2001c000                __heap_end__ = __ram_end__
OUTPUT(build/kuroBox_bootloader_d.elf elf32-littlearm)

.debug_info     0x00000000     0xd6b3
 .debug_info    0x00000000      0x2a3 build/obj/crt0.o
 .debug_info    0x000002a3      0x1e9 build/obj/vectors.o
 .debug_info    0x0000048c       0x93 build/obj/chcore.o
 .debug_info    0x0000051f      0x637 build/obj/chcore_v7m.o
 .debug_info    0x00000b56      0x446 build/obj/nvic.o
 .debug_info    0x00000f9c      0x4d7 build/obj/chsys.o
 .debug_info    0x00001473       0xce build/obj/chdebug.o
 .debug_info    0x00001541      0x43a build/obj/chlists.o
 .debug_info    0x0000197b      0x26b build/obj/chvt.o
 .debug_info    0x00001be6      0x59a build/obj/chschd.o
 .debug_info    0x00002180      0x674 build/obj/chthreads.o
 .debug_info    0x000027f4      0x565 build/obj/chsem.o
 .debug_info    0x00002d59      0x1a2 build/obj/chmemcore.o
 .debug_info    0x00002efb      0x54a build/obj/chheap.o
 .debug_info    0x00003445      0x31e build/obj/hal.o
 .debug_info    0x00003763      0x188 build/obj/mmcsd.o
 .debug_info    0x000038eb      0xb30 build/obj/sdc.o
 .debug_info    0x0000441b      0xb1e build/obj/spi.o
 .debug_info    0x00004f39      0xa15 build/obj/stm32_dma.o
 .debug_info    0x0000594e      0x4bb build/obj/hal_lld.o
 .debug_info    0x00005e09     0x1351 build/obj/sdc_lld.o
 .debug_info    0x0000715a      0x605 build/obj/pal_lld.o
 .debug_info    0x0000775f      0xc7d build/obj/spi_lld.o
 .debug_info    0x000083dc      0xa1d build/obj/board.o
 .debug_info    0x00008df9      0x511 build/obj/ihex.o
 .debug_info    0x0000930a      0x803 build/obj/stm32f4xx_flash.o
 .debug_info    0x00009b0d      0x22e build/obj/helper.o
 .debug_info    0x00009d3b     0x1df0 build/obj/ff.o
 .debug_info    0x0000bb2b      0x988 build/obj/fatfs_diskio.o
 .debug_info    0x0000c4b3     0x1200 build/obj/main.o

.debug_abbrev   0x00000000     0x2b9a
 .debug_abbrev  0x00000000       0xaf build/obj/crt0.o
 .debug_abbrev  0x000000af       0xb1 build/obj/vectors.o
 .debug_abbrev  0x00000160       0x44 build/obj/chcore.o
 .debug_abbrev  0x000001a4      0x197 build/obj/chcore_v7m.o
 .debug_abbrev  0x0000033b       0xf2 build/obj/nvic.o
 .debug_abbrev  0x0000042d      0x17b build/obj/chsys.o
 .debug_abbrev  0x000005a8       0x76 build/obj/chdebug.o
 .debug_abbrev  0x0000061e      0x129 build/obj/chlists.o
 .debug_abbrev  0x00000747      0x140 build/obj/chvt.o
 .debug_abbrev  0x00000887      0x1d1 build/obj/chschd.o
 .debug_abbrev  0x00000a58      0x1db build/obj/chthreads.o
 .debug_abbrev  0x00000c33      0x18a build/obj/chsem.o
 .debug_abbrev  0x00000dbd      0x101 build/obj/chmemcore.o
 .debug_abbrev  0x00000ebe      0x173 build/obj/chheap.o
 .debug_abbrev  0x00001031      0x129 build/obj/hal.o
 .debug_abbrev  0x0000115a       0xd5 build/obj/mmcsd.o
 .debug_abbrev  0x0000122f      0x24b build/obj/sdc.o
 .debug_abbrev  0x0000147a      0x1d4 build/obj/spi.o
 .debug_abbrev  0x0000164e      0x1ad build/obj/stm32_dma.o
 .debug_abbrev  0x000017fb      0x104 build/obj/hal_lld.o
 .debug_abbrev  0x000018ff      0x2ed build/obj/sdc_lld.o
 .debug_abbrev  0x00001bec      0x172 build/obj/pal_lld.o
 .debug_abbrev  0x00001d5e      0x24c build/obj/spi_lld.o
 .debug_abbrev  0x00001faa      0x1b6 build/obj/board.o
 .debug_abbrev  0x00002160      0x128 build/obj/ihex.o
 .debug_abbrev  0x00002288      0x198 build/obj/stm32f4xx_flash.o
 .debug_abbrev  0x00002420      0x11b build/obj/helper.o
 .debug_abbrev  0x0000253b      0x1c2 build/obj/ff.o
 .debug_abbrev  0x000026fd      0x1cd build/obj/fatfs_diskio.o
 .debug_abbrev  0x000028ca      0x2d0 build/obj/main.o

.debug_aranges  0x00000000      0xb40
 .debug_aranges
                0x00000000       0x38 build/obj/crt0.o
 .debug_aranges
                0x00000038       0x20 build/obj/vectors.o
 .debug_aranges
                0x00000058       0x20 build/obj/chcore.o
 .debug_aranges
                0x00000078       0x60 build/obj/chcore_v7m.o
 .debug_aranges
                0x000000d8       0x30 build/obj/nvic.o
 .debug_aranges
                0x00000108       0x30 build/obj/chsys.o
 .debug_aranges
                0x00000138       0x20 build/obj/chdebug.o
 .debug_aranges
                0x00000158       0x50 build/obj/chlists.o
 .debug_aranges
                0x000001a8       0x38 build/obj/chvt.o
 .debug_aranges
                0x000001e0       0x68 build/obj/chschd.o
 .debug_aranges
                0x00000248       0x70 build/obj/chthreads.o
 .debug_aranges
                0x000002b8       0x68 build/obj/chsem.o
 .debug_aranges
                0x00000320       0x38 build/obj/chmemcore.o
 .debug_aranges
                0x00000358       0x40 build/obj/chheap.o
 .debug_aranges
                0x00000398       0x30 build/obj/hal.o
 .debug_aranges
                0x000003c8       0x28 build/obj/mmcsd.o
 .debug_aranges
                0x000003f0       0x80 build/obj/sdc.o
 .debug_aranges
                0x00000470       0x98 build/obj/spi.o
 .debug_aranges
                0x00000508       0xb0 build/obj/stm32_dma.o
 .debug_aranges
                0x000005b8       0x30 build/obj/hal_lld.o
 .debug_aranges
                0x000005e8       0xc8 build/obj/sdc_lld.o
 .debug_aranges
                0x000006b0       0x30 build/obj/pal_lld.o
 .debug_aranges
                0x000006e0       0x78 build/obj/spi_lld.o
 .debug_aranges
                0x00000758       0x38 build/obj/board.o
 .debug_aranges
                0x00000790       0x30 build/obj/ihex.o
 .debug_aranges
                0x000007c0      0x118 build/obj/stm32f4xx_flash.o
 .debug_aranges
                0x000008d8       0x30 build/obj/helper.o
 .debug_aranges
                0x00000908      0x1b0 build/obj/ff.o
 .debug_aranges
                0x00000ab8       0x48 build/obj/fatfs_diskio.o
 .debug_aranges
                0x00000b00       0x40 build/obj/main.o

.debug_ranges   0x00000000      0x978
 .debug_ranges  0x00000000       0x28 build/obj/crt0.o
 .debug_ranges  0x00000028       0x10 build/obj/vectors.o
 .debug_ranges  0x00000038       0x10 build/obj/chcore.o
 .debug_ranges  0x00000048       0x50 build/obj/chcore_v7m.o
 .debug_ranges  0x00000098       0x20 build/obj/nvic.o
 .debug_ranges  0x000000b8       0x20 build/obj/chsys.o
 .debug_ranges  0x000000d8       0x10 build/obj/chdebug.o
 .debug_ranges  0x000000e8       0x40 build/obj/chlists.o
 .debug_ranges  0x00000128       0x28 build/obj/chvt.o
 .debug_ranges  0x00000150       0x58 build/obj/chschd.o
 .debug_ranges  0x000001a8       0x60 build/obj/chthreads.o
 .debug_ranges  0x00000208       0x58 build/obj/chsem.o
 .debug_ranges  0x00000260       0x28 build/obj/chmemcore.o
 .debug_ranges  0x00000288       0x30 build/obj/chheap.o
 .debug_ranges  0x000002b8       0x20 build/obj/hal.o
 .debug_ranges  0x000002d8       0x18 build/obj/mmcsd.o
 .debug_ranges  0x000002f0       0x88 build/obj/sdc.o
 .debug_ranges  0x00000378       0x88 build/obj/spi.o
 .debug_ranges  0x00000400       0xa0 build/obj/stm32_dma.o
 .debug_ranges  0x000004a0       0x20 build/obj/hal_lld.o
 .debug_ranges  0x000004c0       0xb8 build/obj/sdc_lld.o
 .debug_ranges  0x00000578       0x20 build/obj/pal_lld.o
 .debug_ranges  0x00000598       0x68 build/obj/spi_lld.o
 .debug_ranges  0x00000600       0x28 build/obj/board.o
 .debug_ranges  0x00000628       0x20 build/obj/ihex.o
 .debug_ranges  0x00000648      0x108 build/obj/stm32f4xx_flash.o
 .debug_ranges  0x00000750       0x20 build/obj/helper.o
 .debug_ranges  0x00000770      0x1a0 build/obj/ff.o
 .debug_ranges  0x00000910       0x38 build/obj/fatfs_diskio.o
 .debug_ranges  0x00000948       0x30 build/obj/main.o

.debug_line     0x00000000     0x5b18
 .debug_line    0x00000000      0x166 build/obj/crt0.o
 .debug_line    0x00000166       0xf3 build/obj/vectors.o
 .debug_line    0x00000259       0x60 build/obj/chcore.o
 .debug_line    0x000002b9      0x22f build/obj/chcore_v7m.o
 .debug_line    0x000004e8      0x122 build/obj/nvic.o
 .debug_line    0x0000060a      0x1b5 build/obj/chsys.o
 .debug_line    0x000007bf       0x59 build/obj/chdebug.o
 .debug_line    0x00000818      0x1de build/obj/chlists.o
 .debug_line    0x000009f6      0x1c4 build/obj/chvt.o
 .debug_line    0x00000bba      0x26d build/obj/chschd.o
 .debug_line    0x00000e27      0x2dd build/obj/chthreads.o
 .debug_line    0x00001104      0x2e4 build/obj/chsem.o
 .debug_line    0x000013e8      0x18e build/obj/chmemcore.o
 .debug_line    0x00001576      0x2b4 build/obj/chheap.o
 .debug_line    0x0000182a      0x249 build/obj/hal.o
 .debug_line    0x00001a73      0x143 build/obj/mmcsd.o
 .debug_line    0x00001bb6      0x43f build/obj/sdc.o
 .debug_line    0x00001ff5      0x571 build/obj/spi.o
 .debug_line    0x00002566      0x351 build/obj/stm32_dma.o
 .debug_line    0x000028b7      0x1f7 build/obj/hal_lld.o
 .debug_line    0x00002aae      0x4c9 build/obj/sdc_lld.o
 .debug_line    0x00002f77      0x1c8 build/obj/pal_lld.o
 .debug_line    0x0000313f      0x444 build/obj/spi_lld.o
 .debug_line    0x00003583      0x296 build/obj/board.o
 .debug_line    0x00003819      0x18a build/obj/ihex.o
 .debug_line    0x000039a3      0x80b build/obj/stm32f4xx_flash.o
 .debug_line    0x000041ae      0x1b6 build/obj/helper.o
 .debug_line    0x00004364     0x10e2 build/obj/ff.o
 .debug_line    0x00005446      0x2cd build/obj/fatfs_diskio.o
 .debug_line    0x00005713      0x405 build/obj/main.o

.debug_str      0x00000000     0x2c48
 .debug_str     0x00000000      0x205 build/obj/crt0.o
                                0x23f (size before relaxing)
 .debug_str     0x00000205      0x14d build/obj/vectors.o
                                0x26a (size before relaxing)
 .debug_str     0x00000352       0x35 build/obj/chcore.o
                                0x13d (size before relaxing)
 .debug_str     0x00000387      0x20b build/obj/chcore_v7m.o
                                0x32c (size before relaxing)
 .debug_str     0x00000592       0xc3 build/obj/nvic.o
                                0x23c (size before relaxing)
 .debug_str     0x00000655       0xdd build/obj/chsys.o
                                0x2e0 (size before relaxing)
 .debug_str     0x00000732       0x3f build/obj/chdebug.o
                                0x14c (size before relaxing)
 .debug_str     0x00000771       0x83 build/obj/chlists.o
                                0x24f (size before relaxing)
 .debug_str     0x000007f4       0x5d build/obj/chvt.o
                                0x1d9 (size before relaxing)
 .debug_str     0x00000851       0xeb build/obj/chschd.o
                                0x338 (size before relaxing)
 .debug_str     0x0000093c       0xd2 build/obj/chthreads.o
                                0x344 (size before relaxing)
 .debug_str     0x00000a0e       0xa7 build/obj/chsem.o
                                0x2cf (size before relaxing)
 .debug_str     0x00000ab5       0x83 build/obj/chmemcore.o
                                0x19f (size before relaxing)
 .debug_str     0x00000b38       0xc6 build/obj/chheap.o
                                0x2da (size before relaxing)
 .debug_str     0x00000bfe      0x13d build/obj/hal.o
                                0x270 (size before relaxing)
 .debug_str     0x00000d3b       0x63 build/obj/mmcsd.o
                                0x194 (size before relaxing)
 .debug_str     0x00000d9e      0x301 build/obj/sdc.o
                                0x52d (size before relaxing)
 .debug_str     0x0000109f      0x252 build/obj/spi.o
                                0x508 (size before relaxing)
 .debug_str     0x000012f1      0x73c build/obj/stm32_dma.o
                                0x92b (size before relaxing)
 .debug_str     0x00001a2d       0xcc build/obj/hal_lld.o
                                0x343 (size before relaxing)
 .debug_str     0x00001af9      0x1fb build/obj/sdc_lld.o
                                0xc7d (size before relaxing)
 .debug_str     0x00001cf4       0x8d build/obj/pal_lld.o
                                0x39c (size before relaxing)
 .debug_str     0x00001d81      0x124 build/obj/spi_lld.o
                                0x611 (size before relaxing)
 .debug_str     0x00001ea5       0x4e build/obj/board.o
                                0x538 (size before relaxing)
 .debug_str     0x00001ef3      0x2bc build/obj/ihex.o
                                0x404 (size before relaxing)
 .debug_str     0x000021af      0x3d3 build/obj/stm32f4xx_flash.o
                                0x554 (size before relaxing)
 .debug_str     0x00002582       0x8b build/obj/helper.o
                                0x25b (size before relaxing)
 .debug_str     0x0000260d      0x473 build/obj/ff.o
                                0x69d (size before relaxing)
 .debug_str     0x00002a80       0x68 build/obj/fatfs_diskio.o
                                0x4cc (size before relaxing)
 .debug_str     0x00002ae8      0x160 build/obj/main.o
                                0xa28 (size before relaxing)

.comment        0x00000000       0x70
 .comment       0x00000000       0x70 build/obj/crt0.o
                                 0x71 (size before relaxing)
 .comment       0x00000000       0x71 build/obj/vectors.o
 .comment       0x00000000       0x71 build/obj/chcore.o
 .comment       0x00000000       0x71 build/obj/chcore_v7m.o
 .comment       0x00000000       0x71 build/obj/nvic.o
 .comment       0x00000000       0x71 build/obj/chsys.o
 .comment       0x00000000       0x71 build/obj/chdebug.o
 .comment       0x00000000       0x71 build/obj/chlists.o
 .comment       0x00000000       0x71 build/obj/chvt.o
 .comment       0x00000000       0x71 build/obj/chschd.o
 .comment       0x00000000       0x71 build/obj/chthreads.o
 .comment       0x00000000       0x71 build/obj/chsem.o
 .comment       0x00000000       0x71 build/obj/chmemcore.o
 .comment       0x00000000       0x71 build/obj/chheap.o
 .comment       0x00000000       0x71 build/obj/hal.o
 .comment       0x00000000       0x71 build/obj/mmcsd.o
 .comment       0x00000000       0x71 build/obj/sdc.o
 .comment       0x00000000       0x71 build/obj/spi.o
 .comment       0x00000000       0x71 build/obj/stm32_dma.o
 .comment       0x00000000       0x71 build/obj/hal_lld.o
 .comment       0x00000000       0x71 build/obj/sdc_lld.o
 .comment       0x00000000       0x71 build/obj/pal_lld.o
 .comment       0x00000000       0x71 build/obj/spi_lld.o
 .comment       0x00000000       0x71 build/obj/board.o
 .comment       0x00000000       0x71 build/obj/ihex.o
 .comment       0x00000000       0x71 build/obj/stm32f4xx_flash.o
 .comment       0x00000000       0x71 build/obj/helper.o
 .comment       0x00000000       0x71 build/obj/ff.o
 .comment       0x00000000       0x71 build/obj/fatfs_diskio.o
 .comment       0x00000000       0x71 build/obj/main.o

.ARM.attributes
                0x00000000       0x33
 .ARM.attributes
                0x00000000       0x33 build/obj/crt0.o
 .ARM.attributes
                0x00000033       0x33 build/obj/vectors.o
 .ARM.attributes
                0x00000066       0x33 build/obj/chcore.o
 .ARM.attributes
                0x00000099       0x33 build/obj/chcore_v7m.o
 .ARM.attributes
                0x000000cc       0x33 build/obj/nvic.o
 .ARM.attributes
                0x000000ff       0x33 build/obj/chsys.o
 .ARM.attributes
                0x00000132       0x33 build/obj/chdebug.o
 .ARM.attributes
                0x00000165       0x33 build/obj/chlists.o
 .ARM.attributes
                0x00000198       0x33 build/obj/chvt.o
 .ARM.attributes
                0x000001cb       0x33 build/obj/chschd.o
 .ARM.attributes
                0x000001fe       0x33 build/obj/chthreads.o
 .ARM.attributes
                0x00000231       0x33 build/obj/chsem.o
 .ARM.attributes
                0x00000264       0x33 build/obj/chmemcore.o
 .ARM.attributes
                0x00000297       0x33 build/obj/chheap.o
 .ARM.attributes
                0x000002ca       0x33 build/obj/hal.o
 .ARM.attributes
                0x000002fd       0x33 build/obj/mmcsd.o
 .ARM.attributes
                0x00000330       0x33 build/obj/sdc.o
 .ARM.attributes
                0x00000363       0x33 build/obj/spi.o
 .ARM.attributes
                0x00000396       0x33 build/obj/stm32_dma.o
 .ARM.attributes
                0x000003c9       0x33 build/obj/hal_lld.o
 .ARM.attributes
                0x000003fc       0x33 build/obj/sdc_lld.o
 .ARM.attributes
                0x0000042f       0x33 build/obj/pal_lld.o
 .ARM.attributes
                0x00000462       0x33 build/obj/spi_lld.o
 .ARM.attributes
                0x00000495       0x33 build/obj/board.o
 .ARM.attributes
                0x000004c8       0x33 build/obj/ihex.o
 .ARM.attributes
                0x000004fb       0x33 build/obj/stm32f4xx_flash.o
 .ARM.attributes
                0x0000052e       0x33 build/obj/helper.o
 .ARM.attributes
                0x00000561       0x33 build/obj/ff.o
 .ARM.attributes
                0x00000594       0x33 build/obj/fatfs_diskio.o
 .ARM.attributes
                0x000005c7       0x33 build/obj/main.o
 .ARM.attributes
                0x000005fa       0x2e c:/chibistudio/tools/gnu tools arm embedded/4.7 2013q1/bin/../lib/gcc/arm-none-eabi/4.7.3/../../../../arm-none-eabi/lib/armv7e-m\libc.a(lib_a-memcpy.o)
 .ARM.attributes
                0x00000628       0x2e c:/chibistudio/tools/gnu tools arm embedded/4.7 2013q1/bin/../lib/gcc/arm-none-eabi/4.7.3/../../../../arm-none-eabi/lib/armv7e-m\libc.a(lib_a-strlen.o)
 .ARM.attributes
                0x00000656       0x2e c:/chibistudio/tools/gnu tools arm embedded/4.7 2013q1/bin/../lib/gcc/arm-none-eabi/4.7.3/../../../../arm-none-eabi/lib/armv7e-m\libc.a(lib_a-strncpy.o)
 .ARM.attributes
                0x00000684       0x2e c:/chibistudio/tools/gnu tools arm embedded/4.7 2013q1/bin/../lib/gcc/arm-none-eabi/4.7.3/../../../../arm-none-eabi/lib/armv7e-m\libc.a(lib_a-strtol.o)
 .ARM.attributes
                0x000006b2       0x2e c:/chibistudio/tools/gnu tools arm embedded/4.7 2013q1/bin/../lib/gcc/arm-none-eabi/4.7.3/../../../../arm-none-eabi/lib/armv7e-m\libc.a(lib_a-ctype_.o)
 .ARM.attributes
                0x000006e0       0x2e c:/chibistudio/tools/gnu tools arm embedded/4.7 2013q1/bin/../lib/gcc/arm-none-eabi/4.7.3/../../../../arm-none-eabi/lib/armv7e-m\libc.a(lib_a-impure.o)

.debug_frame    0x00000000     0x1d60
 .debug_frame   0x00000000       0x50 build/obj/crt0.o
 .debug_frame   0x00000050       0x20 build/obj/vectors.o
 .debug_frame   0x00000070       0x20 build/obj/chcore.o
 .debug_frame   0x00000090       0xd8 build/obj/chcore_v7m.o
 .debug_frame   0x00000168       0x64 build/obj/nvic.o
 .debug_frame   0x000001cc       0x5c build/obj/chsys.o
 .debug_frame   0x00000228       0x2c build/obj/chdebug.o
 .debug_frame   0x00000254       0x9c build/obj/chlists.o
 .debug_frame   0x000002f0       0x64 build/obj/chvt.o
 .debug_frame   0x00000354      0x11c build/obj/chschd.o
 .debug_frame   0x00000470      0x13c build/obj/chthreads.o
 .debug_frame   0x000005ac      0x120 build/obj/chsem.o
 .debug_frame   0x000006cc       0x60 build/obj/chmemcore.o
 .debug_frame   0x0000072c       0x9c build/obj/chheap.o
 .debug_frame   0x000007c8       0x5c build/obj/hal.o
 .debug_frame   0x00000824       0x40 build/obj/mmcsd.o
 .debug_frame   0x00000864      0x16c build/obj/sdc.o
 .debug_frame   0x000009d0      0x1d0 build/obj/spi.o
 .debug_frame   0x00000ba0      0x21c build/obj/stm32_dma.o
 .debug_frame   0x00000dbc       0x4c build/obj/hal_lld.o
 .debug_frame   0x00000e08      0x240 build/obj/sdc_lld.o
 .debug_frame   0x00001048       0x54 build/obj/pal_lld.o
 .debug_frame   0x0000109c      0x128 build/obj/spi_lld.o
 .debug_frame   0x000011c4       0x64 build/obj/board.o
 .debug_frame   0x00001228       0x60 build/obj/ihex.o
 .debug_frame   0x00001288      0x304 build/obj/stm32f4xx_flash.o
 .debug_frame   0x0000158c       0x5c build/obj/helper.o
 .debug_frame   0x000015e8      0x568 build/obj/ff.o
 .debug_frame   0x00001b50       0xa4 build/obj/fatfs_diskio.o
 .debug_frame   0x00001bf4       0x9c build/obj/main.o
 .debug_frame   0x00001c90       0x30 c:/chibistudio/tools/gnu tools arm embedded/4.7 2013q1/bin/../lib/gcc/arm-none-eabi/4.7.3/../../../../arm-none-eabi/lib/armv7e-m\libc.a(lib_a-memcpy.o)
 .debug_frame   0x00001cc0       0x20 c:/chibistudio/tools/gnu tools arm embedded/4.7 2013q1/bin/../lib/gcc/arm-none-eabi/4.7.3/../../../../arm-none-eabi/lib/armv7e-m\libc.a(lib_a-strlen.o)
 .debug_frame   0x00001ce0       0x2c c:/chibistudio/tools/gnu tools arm embedded/4.7 2013q1/bin/../lib/gcc/arm-none-eabi/4.7.3/../../../../arm-none-eabi/lib/armv7e-m\libc.a(lib_a-strncpy.o)
 .debug_frame   0x00001d0c       0x54 c:/chibistudio/tools/gnu tools arm embedded/4.7 2013q1/bin/../lib/gcc/arm-none-eabi/4.7.3/../../../../arm-none-eabi/lib/armv7e-m\libc.a(lib_a-strtol.o)

.debug_loc      0x00000000     0x26af
 .debug_loc     0x00000000       0xb8 build/obj/chcore_v7m.o
 .debug_loc     0x000000b8       0x84 build/obj/nvic.o
 .debug_loc     0x0000013c       0x78 build/obj/chsys.o
 .debug_loc     0x000001b4       0x2c build/obj/chdebug.o
 .debug_loc     0x000001e0       0xe0 build/obj/chlists.o
 .debug_loc     0x000002c0       0x6c build/obj/chvt.o
 .debug_loc     0x0000032c      0x174 build/obj/chschd.o
 .debug_loc     0x000004a0      0x1cc build/obj/chthreads.o
 .debug_loc     0x0000066c      0x1ac build/obj/chsem.o
 .debug_loc     0x00000818       0x4c build/obj/chmemcore.o
 .debug_loc     0x00000864       0xd0 build/obj/chheap.o
 .debug_loc     0x00000934       0x6c build/obj/hal.o
 .debug_loc     0x000009a0       0x4c build/obj/mmcsd.o
 .debug_loc     0x000009ec      0x218 build/obj/sdc.o
 .debug_loc     0x00000c04      0x2b4 build/obj/spi.o
 .debug_loc     0x00000eb8      0x338 build/obj/stm32_dma.o
 .debug_loc     0x000011f0       0x20 build/obj/hal_lld.o
 .debug_loc     0x00001210      0x35c build/obj/sdc_lld.o
 .debug_loc     0x0000156c       0x6c build/obj/pal_lld.o
 .debug_loc     0x000015d8      0x1b0 build/obj/spi_lld.o
 .debug_loc     0x00001788       0x60 build/obj/board.o
 .debug_loc     0x000017e8       0x79 build/obj/ihex.o
 .debug_loc     0x00001861      0x3c4 build/obj/stm32f4xx_flash.o
 .debug_loc     0x00001c25       0x78 build/obj/helper.o
 .debug_loc     0x00001c9d      0x871 build/obj/ff.o
 .debug_loc     0x0000250e       0xd0 build/obj/fatfs_diskio.o
 .debug_loc     0x000025de       0xd1 build/obj/main.o

Cross Reference Table

Symbol                                            File
BusFaultVector                                    build/obj/vectors.o
Checksum_IHexRecord                               build/obj/ihex.o
DebugMonitorVector                                build/obj/vectors.o
FLASH_ClearFlag                                   build/obj/stm32f4xx_flash.o
                                                  build/obj/helper.o
FLASH_DataCacheCmd                                build/obj/stm32f4xx_flash.o
FLASH_DataCacheReset                              build/obj/stm32f4xx_flash.o
FLASH_EraseAllSectors                             build/obj/stm32f4xx_flash.o
FLASH_EraseSector                                 build/obj/stm32f4xx_flash.o
                                                  build/obj/helper.o
FLASH_GetFlagStatus                               build/obj/stm32f4xx_flash.o
FLASH_GetSector                                   build/obj/stm32f4xx_flash.o
                                                  build/obj/helper.o
FLASH_GetSectorNumber                             build/obj/stm32f4xx_flash.o
                                                  build/obj/helper.o
FLASH_GetStatus                                   build/obj/stm32f4xx_flash.o
FLASH_ITConfig                                    build/obj/stm32f4xx_flash.o
FLASH_InstructionCacheCmd                         build/obj/stm32f4xx_flash.o
FLASH_InstructionCacheReset                       build/obj/stm32f4xx_flash.o
FLASH_Lock                                        build/obj/stm32f4xx_flash.o
                                                  build/obj/helper.o
FLASH_OB_BORConfig                                build/obj/stm32f4xx_flash.o
FLASH_OB_GetBOR                                   build/obj/stm32f4xx_flash.o
FLASH_OB_GetRDP                                   build/obj/stm32f4xx_flash.o
FLASH_OB_GetUser                                  build/obj/stm32f4xx_flash.o
FLASH_OB_GetWRP                                   build/obj/stm32f4xx_flash.o
FLASH_OB_Launch                                   build/obj/stm32f4xx_flash.o
FLASH_OB_Lock                                     build/obj/stm32f4xx_flash.o
FLASH_OB_RDPConfig                                build/obj/stm32f4xx_flash.o
FLASH_OB_Unlock                                   build/obj/stm32f4xx_flash.o
FLASH_OB_UserConfig                               build/obj/stm32f4xx_flash.o
FLASH_OB_WRPConfig                                build/obj/stm32f4xx_flash.o
FLASH_PrefetchBufferCmd                           build/obj/stm32f4xx_flash.o
FLASH_ProgramByte                                 build/obj/stm32f4xx_flash.o
                                                  build/obj/helper.o
FLASH_ProgramDoubleWord                           build/obj/stm32f4xx_flash.o
FLASH_ProgramHalfWord                             build/obj/stm32f4xx_flash.o
FLASH_ProgramWord                                 build/obj/stm32f4xx_flash.o
FLASH_SetLatency                                  build/obj/stm32f4xx_flash.o
FLASH_Unlock                                      build/obj/stm32f4xx_flash.o
                                                  build/obj/helper.o
FLASH_WaitForLastOperation                        build/obj/stm32f4xx_flash.o
                                                  build/obj/helper.o
Flash                                             build/obj/main.o
HardFaultVector                                   build/obj/vectors.o
MemManageVector                                   build/obj/vectors.o
NMIVector                                         build/obj/vectors.o
New_IHexRecord                                    build/obj/ihex.o
PendSVVector                                      build/obj/vectors.o
Read_IHexRecord                                   build/obj/ihex.o
                                                  build/obj/main.o
ResetHandler                                      build/obj/crt0.o
                                                  build/obj/vectors.o
SDCD1                                             build/obj/sdc_lld.o
                                                  build/obj/main.o
                                                  build/obj/fatfs_diskio.o
SPID1                                             build/obj/spi_lld.o
SVCallVector                                      build/obj/chcore_v7m.o
                                                  build/obj/vectors.o
SysTickVector                                     build/obj/chcore_v7m.o
                                                  build/obj/vectors.o
UsageFaultVector                                  build/obj/vectors.o
Vector100                                         build/obj/vectors.o
Vector104                                         build/obj/sdc_lld.o
                                                  build/obj/vectors.o
Vector108                                         build/obj/vectors.o
Vector10C                                         build/obj/vectors.o
Vector110                                         build/obj/vectors.o
Vector114                                         build/obj/vectors.o
Vector118                                         build/obj/vectors.o
Vector11C                                         build/obj/vectors.o
Vector120                                         build/obj/stm32_dma.o
                                                  build/obj/vectors.o
Vector124                                         build/obj/stm32_dma.o
                                                  build/obj/vectors.o
Vector128                                         build/obj/stm32_dma.o
                                                  build/obj/vectors.o
Vector12C                                         build/obj/stm32_dma.o
                                                  build/obj/vectors.o
Vector130                                         build/obj/stm32_dma.o
                                                  build/obj/vectors.o
Vector134                                         build/obj/vectors.o
Vector138                                         build/obj/vectors.o
Vector13C                                         build/obj/vectors.o
Vector140                                         build/obj/vectors.o
Vector144                                         build/obj/vectors.o
Vector148                                         build/obj/vectors.o
Vector14C                                         build/obj/vectors.o
Vector150                                         build/obj/stm32_dma.o
                                                  build/obj/vectors.o
Vector154                                         build/obj/stm32_dma.o
                                                  build/obj/vectors.o
Vector158                                         build/obj/stm32_dma.o
                                                  build/obj/vectors.o
Vector15C                                         build/obj/vectors.o
Vector160                                         build/obj/vectors.o
Vector164                                         build/obj/vectors.o
Vector168                                         build/obj/vectors.o
Vector16C                                         build/obj/vectors.o
Vector170                                         build/obj/vectors.o
Vector174                                         build/obj/vectors.o
Vector178                                         build/obj/vectors.o
Vector17C                                         build/obj/vectors.o
Vector180                                         build/obj/vectors.o
Vector184                                         build/obj/vectors.o
Vector1C                                          build/obj/vectors.o
Vector20                                          build/obj/vectors.o
Vector24                                          build/obj/vectors.o
Vector28                                          build/obj/vectors.o
Vector34                                          build/obj/vectors.o
Vector40                                          build/obj/vectors.o
Vector44                                          build/obj/vectors.o
Vector48                                          build/obj/vectors.o
Vector4C                                          build/obj/vectors.o
Vector50                                          build/obj/vectors.o
Vector54                                          build/obj/vectors.o
Vector58                                          build/obj/vectors.o
Vector5C                                          build/obj/vectors.o
Vector60                                          build/obj/vectors.o
Vector64                                          build/obj/vectors.o
Vector68                                          build/obj/vectors.o
Vector6C                                          build/obj/stm32_dma.o
                                                  build/obj/vectors.o
Vector70                                          build/obj/stm32_dma.o
                                                  build/obj/vectors.o
Vector74                                          build/obj/stm32_dma.o
                                                  build/obj/vectors.o
Vector78                                          build/obj/stm32_dma.o
                                                  build/obj/vectors.o
Vector7C                                          build/obj/stm32_dma.o
                                                  build/obj/vectors.o
Vector80                                          build/obj/stm32_dma.o
                                                  build/obj/vectors.o
Vector84                                          build/obj/stm32_dma.o
                                                  build/obj/vectors.o
Vector88                                          build/obj/vectors.o
Vector8C                                          build/obj/vectors.o
Vector90                                          build/obj/vectors.o
Vector94                                          build/obj/vectors.o
Vector98                                          build/obj/vectors.o
Vector9C                                          build/obj/vectors.o
VectorA0                                          build/obj/vectors.o
VectorA4                                          build/obj/vectors.o
VectorA8                                          build/obj/vectors.o
VectorAC                                          build/obj/vectors.o
VectorB0                                          build/obj/vectors.o
VectorB4                                          build/obj/vectors.o
VectorB8                                          build/obj/vectors.o
VectorBC                                          build/obj/vectors.o
VectorC0                                          build/obj/vectors.o
VectorC4                                          build/obj/vectors.o
VectorC8                                          build/obj/vectors.o
VectorCC                                          build/obj/vectors.o
VectorD0                                          build/obj/vectors.o
VectorD4                                          build/obj/vectors.o
VectorD8                                          build/obj/vectors.o
VectorDC                                          build/obj/vectors.o
VectorE0                                          build/obj/vectors.o
VectorE4                                          build/obj/vectors.o
VectorE8                                          build/obj/vectors.o
VectorEC                                          build/obj/vectors.o
VectorF0                                          build/obj/vectors.o
VectorF4                                          build/obj/vectors.o
VectorF8                                          build/obj/vectors.o
VectorFC                                          build/obj/stm32_dma.o
                                                  build/obj/vectors.o
__ctype_ptr__                                     c:/chibistudio/tools/gnu tools arm embedded/4.7 2013q1/bin/../lib/gcc/arm-none-eabi/4.7.3/../../../../arm-none-eabi/lib/armv7e-m\libc.a(lib_a-ctype_.o)
                                                  c:/chibistudio/tools/gnu tools arm embedded/4.7 2013q1/bin/../lib/gcc/arm-none-eabi/4.7.3/../../../../arm-none-eabi/lib/armv7e-m\libc.a(lib_a-strtol.o)
__early_init                                      build/obj/board.o
                                                  build/obj/crt0.o
__fini_array_end                                  build/obj/crt0.o
__fini_array_start                                build/obj/crt0.o
__heap_base__                                     build/obj/chmemcore.o
__heap_end__                                      build/obj/chmemcore.o
__init_array_end                                  build/obj/crt0.o
__init_array_start                                build/obj/crt0.o
__late_init                                       build/obj/crt0.o
__main_stack_base__                               build/obj/crt0.o
__main_stack_end__                                build/obj/vectors.o
                                                  build/obj/crt0.o
__process_stack_base__                            build/obj/crt0.o
__process_stack_end__                             build/obj/crt0.o
_bss_end                                          build/obj/crt0.o
_bss_start                                        build/obj/crt0.o
_close_r                                          build/obj/syscalls.o
_core_init                                        build/obj/chmemcore.o
                                                  build/obj/chsys.o
_ctype_                                           c:/chibistudio/tools/gnu tools arm embedded/4.7 2013q1/bin/../lib/gcc/arm-none-eabi/4.7.3/../../../../arm-none-eabi/lib/armv7e-m\libc.a(lib_a-ctype_.o)
_data                                             build/obj/crt0.o
_default_exit                                     build/obj/crt0.o
_edata                                            build/obj/crt0.o
_fstat_r                                          build/obj/syscalls.o
_global_impure_ptr                                c:/chibistudio/tools/gnu tools arm embedded/4.7 2013q1/bin/../lib/gcc/arm-none-eabi/4.7.3/../../../../arm-none-eabi/lib/armv7e-m\libc.a(lib_a-impure.o)
_heap_init                                        build/obj/chheap.o
                                                  build/obj/chsys.o
_idle_thread                                      build/obj/chsys.o
_idle_thread_wa                                   build/obj/chsys.o
_impure_ptr                                       c:/chibistudio/tools/gnu tools arm embedded/4.7 2013q1/bin/../lib/gcc/arm-none-eabi/4.7.3/../../../../arm-none-eabi/lib/armv7e-m\libc.a(lib_a-impure.o)
                                                  c:/chibistudio/tools/gnu tools arm embedded/4.7 2013q1/bin/../lib/gcc/arm-none-eabi/4.7.3/../../../../arm-none-eabi/lib/armv7e-m\libc.a(lib_a-strtol.o)
_isatty_r                                         build/obj/syscalls.o
_lseek_r                                          build/obj/syscalls.o
_pal_lld_init                                     build/obj/pal_lld.o
                                                  build/obj/hal.o
_pal_lld_setgroupmode                             build/obj/pal_lld.o
                                                  build/obj/pal.o
_port_init                                        build/obj/chcore_v7m.o
                                                  build/obj/chsys.o
_port_irq_epilogue                                build/obj/chcore_v7m.o
                                                  build/obj/sdc_lld.o
                                                  build/obj/stm32_dma.o
_port_lock                                        build/obj/chcore_v7m.o
                                                  build/obj/evtimer.o
                                                  build/obj/spi_lld.o
                                                  build/obj/sdc_lld.o
                                                  build/obj/spi.o
                                                  build/obj/sdc.o
                                                  build/obj/chmempools.o
                                                  build/obj/chmemcore.o
                                                  build/obj/chqueues.o
                                                  build/obj/chevents.o
                                                  build/obj/chsem.o
                                                  build/obj/chthreads.o
                                                  build/obj/chschd.o
                                                  build/obj/chsys.o
_port_switch                                      build/obj/chcore_v7m.o
                                                  build/obj/chschd.o
_port_switch_from_isr                             build/obj/chcore_v7m.o
_port_thread_start                                build/obj/chcore_v7m.o
                                                  build/obj/chthreads.o
_port_unlock                                      build/obj/chcore_v7m.o
                                                  build/obj/evtimer.o
                                                  build/obj/spi_lld.o
                                                  build/obj/sdc_lld.o
                                                  build/obj/spi.o
                                                  build/obj/sdc.o
                                                  build/obj/chmempools.o
                                                  build/obj/chmemcore.o
                                                  build/obj/chqueues.o
                                                  build/obj/chevents.o
                                                  build/obj/chsem.o
                                                  build/obj/chthreads.o
                                                  build/obj/chschd.o
                                                  build/obj/chsys.o
_read_r                                           build/obj/syscalls.o
_sbrk_r                                           build/obj/syscalls.o
_scheduler_init                                   build/obj/chschd.o
                                                  build/obj/chsys.o
_sdc_wait_for_transfer_state                      build/obj/sdc.o
                                                  build/obj/sdc_lld.o
_stm32_dma_streams                                build/obj/stm32_dma.o
                                                  build/obj/spi_lld.o
                                                  build/obj/sdc_lld.o
_strtol_r                                         c:/chibistudio/tools/gnu tools arm embedded/4.7 2013q1/bin/../lib/gcc/arm-none-eabi/4.7.3/../../../../arm-none-eabi/lib/armv7e-m\libc.a(lib_a-strtol.o)
_textdata                                         build/obj/crt0.o
_thread_init                                      build/obj/chthreads.o
                                                  build/obj/chsys.o
_unhandled_exception                              build/obj/vectors.o
_vectors                                          build/obj/vectors.o
_vt_init                                          build/obj/chvt.o
                                                  build/obj/chsys.o
_write_r                                          build/obj/syscalls.o
assert_param                                      build/obj/main.o
                                                  build/obj/stm32f4xx_flash.o
boardInit                                         build/obj/board.o
                                                  build/obj/hal.o
chCoreAlloc                                       build/obj/chmemcore.o
                                                  build/obj/syscalls.o
                                                  build/obj/chheap.o
chCoreAllocI                                      build/obj/chmemcore.o
chCoreStatus                                      build/obj/chmemcore.o
chDbgPanic                                        build/obj/chdebug.o
                                                  build/obj/spi_lld.o
                                                  build/obj/sdc_lld.o
                                                  build/obj/stm32_dma.o
                                                  build/obj/spi.o
                                                  build/obj/sdc.o
                                                  build/obj/chheap.o
                                                  build/obj/chevents.o
                                                  build/obj/chsem.o
                                                  build/obj/chthreads.o
                                                  build/obj/chschd.o
                                                  build/obj/chvt.o
chEvtAddEvents                                    build/obj/chevents.o
chEvtBroadcastFlags                               build/obj/chevents.o
chEvtBroadcastFlagsI                              build/obj/chevents.o
                                                  build/obj/evtimer.o
chEvtDispatch                                     build/obj/chevents.o
chEvtGetAndClearEvents                            build/obj/chevents.o
chEvtGetAndClearFlags                             build/obj/chevents.o
chEvtGetAndClearFlagsI                            build/obj/chevents.o
chEvtRegisterMask                                 build/obj/chevents.o
chEvtSignal                                       build/obj/chevents.o
chEvtSignalI                                      build/obj/chevents.o
chEvtUnregister                                   build/obj/chevents.o
chEvtWaitAllTimeout                               build/obj/chevents.o
chEvtWaitAnyTimeout                               build/obj/chevents.o
chEvtWaitOneTimeout                               build/obj/chevents.o
chHeapAlloc                                       build/obj/chheap.o
chHeapFree                                        build/obj/chheap.o
chHeapInit                                        build/obj/chheap.o
chHeapStatus                                      build/obj/chheap.o
chIQGetTimeout                                    build/obj/chqueues.o
chIQInit                                          build/obj/chqueues.o
chIQPutI                                          build/obj/chqueues.o
chIQReadTimeout                                   build/obj/chqueues.o
chIQResetI                                        build/obj/chqueues.o
chOQGetI                                          build/obj/chqueues.o
chOQInit                                          build/obj/chqueues.o
chOQPutTimeout                                    build/obj/chqueues.o
chOQResetI                                        build/obj/chqueues.o
chOQWriteTimeout                                  build/obj/chqueues.o
chPoolAlloc                                       build/obj/chmempools.o
chPoolAllocI                                      build/obj/chmempools.o
chPoolFree                                        build/obj/chmempools.o
chPoolFreeI                                       build/obj/chmempools.o
chPoolInit                                        build/obj/chmempools.o
chPoolLoadArray                                   build/obj/chmempools.o
chSchDoReschedule                                 build/obj/chschd.o
                                                  build/obj/chcore_v7m.o
chSchDoRescheduleAhead                            build/obj/chschd.o
chSchDoRescheduleBehind                           build/obj/chschd.o
                                                  build/obj/chthreads.o
chSchGoSleepS                                     build/obj/chschd.o
                                                  build/obj/sdc_lld.o
                                                  build/obj/spi.o
                                                  build/obj/chsem.o
                                                  build/obj/chthreads.o
chSchGoSleepTimeoutS                              build/obj/chschd.o
                                                  build/obj/chqueues.o
                                                  build/obj/chevents.o
                                                  build/obj/chsem.o
                                                  build/obj/chthreads.o
chSchReadyI                                       build/obj/chschd.o
                                                  build/obj/spi_lld.o
                                                  build/obj/sdc_lld.o
                                                  build/obj/chqueues.o
                                                  build/obj/chevents.o
                                                  build/obj/chsem.o
chSchRescheduleS                                  build/obj/chschd.o
                                                  build/obj/chevents.o
                                                  build/obj/chsem.o
                                                  build/obj/chthreads.o
chSchWakeupS                                      build/obj/chschd.o
                                                  build/obj/chsem.o
                                                  build/obj/chthreads.o
chSemAddCounterI                                  build/obj/chsem.o
chSemInit                                         build/obj/chsem.o
                                                  build/obj/spi.o
                                                  build/obj/chheap.o
chSemReset                                        build/obj/chsem.o
chSemResetI                                       build/obj/chsem.o
chSemSignal                                       build/obj/chsem.o
                                                  build/obj/spi.o
                                                  build/obj/chheap.o
chSemSignalI                                      build/obj/chsem.o
chSemWait                                         build/obj/chsem.o
                                                  build/obj/spi.o
                                                  build/obj/chheap.o
chSemWaitS                                        build/obj/chsem.o
chSemWaitTimeout                                  build/obj/chsem.o
chSemWaitTimeoutS                                 build/obj/chsem.o
chSysInit                                         build/obj/chsys.o
                                                  build/obj/main.o
chSysTimerHandlerI                                build/obj/chsys.o
                                                  build/obj/chcore_v7m.o
chThdCreateI                                      build/obj/chthreads.o
chThdCreateStatic                                 build/obj/chthreads.o
                                                  build/obj/chsys.o
chThdExit                                         build/obj/chthreads.o
                                                  build/obj/chcore_v7m.o
chThdExitS                                        build/obj/chthreads.o
chThdResume                                       build/obj/chthreads.o
chThdSetPriority                                  build/obj/chthreads.o
chThdSleep                                        build/obj/chthreads.o
                                                  build/obj/main.o
                                                  build/obj/sdc.o
chThdSleepUntil                                   build/obj/chthreads.o
chThdTerminate                                    build/obj/chthreads.o
chThdYield                                        build/obj/chthreads.o
chTimeIsWithin                                    build/obj/chvt.o
chVTResetI                                        build/obj/chvt.o
                                                  build/obj/evtimer.o
                                                  build/obj/chschd.o
chVTSetI                                          build/obj/chvt.o
                                                  build/obj/evtimer.o
                                                  build/obj/chschd.o
chprintf                                          build/obj/chprintf.o
clust2sect                                        build/obj/ff.o
dbg_panic_msg                                     build/obj/chdebug.o
dequeue                                           build/obj/chlists.o
                                                  build/obj/chschd.o
disk_initialize                                   build/obj/fatfs_diskio.o
                                                  build/obj/ff.o
disk_ioctl                                        build/obj/fatfs_diskio.o
                                                  build/obj/ff.o
disk_read                                         build/obj/fatfs_diskio.o
                                                  build/obj/ff.o
disk_status                                       build/obj/fatfs_diskio.o
                                                  build/obj/ff.o
disk_write                                        build/obj/fatfs_diskio.o
                                                  build/obj/ff.o
dmaInit                                           build/obj/stm32_dma.o
                                                  build/obj/hal_lld.o
dmaStreamAllocate                                 build/obj/stm32_dma.o
                                                  build/obj/spi_lld.o
                                                  build/obj/sdc_lld.o
dmaStreamRelease                                  build/obj/stm32_dma.o
                                                  build/obj/spi_lld.o
                                                  build/obj/sdc_lld.o
evtStart                                          build/obj/evtimer.o
evtStop                                           build/obj/evtimer.o
f_chmod                                           build/obj/ff.o
f_close                                           build/obj/ff.o
                                                  build/obj/main.o
f_getfree                                         build/obj/ff.o
f_getlabel                                        build/obj/ff.o
f_gets                                            build/obj/ff.o
                                                  build/obj/ihex.o
f_lseek                                           build/obj/ff.o
f_mkdir                                           build/obj/ff.o
f_mkfs                                            build/obj/ff.o
f_mount                                           build/obj/ff.o
                                                  build/obj/main.o
f_open                                            build/obj/ff.o
                                                  build/obj/main.o
f_opendir                                         build/obj/ff.o
f_printf                                          build/obj/ff.o
f_putc                                            build/obj/ff.o
f_puts                                            build/obj/ff.o
f_read                                            build/obj/ff.o
f_readdir                                         build/obj/ff.o
f_rename                                          build/obj/ff.o
f_setlabel                                        build/obj/ff.o
f_stat                                            build/obj/ff.o
f_sync                                            build/obj/ff.o
f_truncate                                        build/obj/ff.o
f_unlink                                          build/obj/ff.o
f_utime                                           build/obj/ff.o
f_write                                           build/obj/ff.o
fifo_remove                                       build/obj/chlists.o
                                                  build/obj/chqueues.o
                                                  build/obj/chsem.o
                                                  build/obj/chschd.o
flash_finish                                      build/obj/helper.o
flash_init                                        build/obj/helper.o
                                                  build/obj/main.o
flash_write                                       build/obj/helper.o
                                                  build/obj/main.o
get_fat                                           build/obj/ff.o
get_fattime                                       build/obj/fatfs_diskio.o
                                                  build/obj/ff.o
halInit                                           build/obj/hal.o
                                                  build/obj/main.o
halIsCounterWithin                                build/obj/hal.o
halPolledDelay                                    build/obj/hal.o
hal_lld_init                                      build/obj/hal_lld.o
                                                  build/obj/hal.o
lifo_remove                                       build/obj/chlists.o
                                                  build/obj/chsem.o
list_insert                                       build/obj/chlists.o
list_remove                                       build/obj/chlists.o
main                                              build/obj/main.o
                                                  build/obj/crt0.o
memcpy                                            c:/chibistudio/tools/gnu tools arm embedded/4.7 2013q1/bin/../lib/gcc/arm-none-eabi/4.7.3/../../../../arm-none-eabi/lib/armv7e-m\libc.a(lib_a-memcpy.o)
                                                  build/obj/ihex.o
                                                  build/obj/sdc_lld.o
memset                                            c:/chibistudio/tools/gnu tools arm embedded/4.7 2013q1/bin/../lib/gcc/arm-none-eabi/4.7.3/../../../../arm-none-eabi/lib/armv7e-m\libc.a(lib_a-memset.o)
                                                  build/obj/syscalls.o
mmcsdGetCapacity                                  build/obj/mmcsd.o
                                                  build/obj/sdc.o
nvicDisableVector                                 build/obj/nvic.o
                                                  build/obj/sdc_lld.o
                                                  build/obj/stm32_dma.o
nvicEnableVector                                  build/obj/nvic.o
                                                  build/obj/sdc_lld.o
                                                  build/obj/stm32_dma.o
nvicSetSystemHandlerPriority                      build/obj/nvic.o
                                                  build/obj/chcore_v7m.o